Archive member included to satisfy reference by file (symbol)

c:/ac6/systemworkbench/plugins/fr.ac6.mcu.externaltools.arm-none.win32_1.13.2.201703061525/tools/compiler/bin/../lib/gcc/arm-none-eabi/5.4.1/../../../../arm-none-eabi/lib/armv7-m\libc.a(lib_a-errno.o)
                              src/syscalls.o (__errno)
c:/ac6/systemworkbench/plugins/fr.ac6.mcu.externaltools.arm-none.win32_1.13.2.201703061525/tools/compiler/bin/../lib/gcc/arm-none-eabi/5.4.1/../../../../arm-none-eabi/lib/armv7-m\libc.a(lib_a-exit.o)
                              c:/ac6/systemworkbench/plugins/fr.ac6.mcu.externaltools.arm-none.win32_1.13.2.201703061525/tools/compiler/bin/../lib/gcc/arm-none-eabi/5.4.1/../../../../arm-none-eabi/lib/armv7-m/crt0.o (exit)
c:/ac6/systemworkbench/plugins/fr.ac6.mcu.externaltools.arm-none.win32_1.13.2.201703061525/tools/compiler/bin/../lib/gcc/arm-none-eabi/5.4.1/../../../../arm-none-eabi/lib/armv7-m\libc.a(lib_a-impure.o)
                              c:/ac6/systemworkbench/plugins/fr.ac6.mcu.externaltools.arm-none.win32_1.13.2.201703061525/tools/compiler/bin/../lib/gcc/arm-none-eabi/5.4.1/../../../../arm-none-eabi/lib/armv7-m\libc.a(lib_a-exit.o) (_global_impure_ptr)
c:/ac6/systemworkbench/plugins/fr.ac6.mcu.externaltools.arm-none.win32_1.13.2.201703061525/tools/compiler/bin/../lib/gcc/arm-none-eabi/5.4.1/../../../../arm-none-eabi/lib/armv7-m\libc.a(lib_a-init.o)
                              c:/ac6/systemworkbench/plugins/fr.ac6.mcu.externaltools.arm-none.win32_1.13.2.201703061525/tools/compiler/bin/../lib/gcc/arm-none-eabi/5.4.1/../../../../arm-none-eabi/lib/armv7-m/crt0.o (__libc_init_array)
c:/ac6/systemworkbench/plugins/fr.ac6.mcu.externaltools.arm-none.win32_1.13.2.201703061525/tools/compiler/bin/../lib/gcc/arm-none-eabi/5.4.1/../../../../arm-none-eabi/lib/armv7-m\libc.a(lib_a-itoa.o)
                              src/radio.o (itoa)
c:/ac6/systemworkbench/plugins/fr.ac6.mcu.externaltools.arm-none.win32_1.13.2.201703061525/tools/compiler/bin/../lib/gcc/arm-none-eabi/5.4.1/../../../../arm-none-eabi/lib/armv7-m\libc.a(lib_a-memset.o)
                              c:/ac6/systemworkbench/plugins/fr.ac6.mcu.externaltools.arm-none.win32_1.13.2.201703061525/tools/compiler/bin/../lib/gcc/arm-none-eabi/5.4.1/../../../../arm-none-eabi/lib/armv7-m/crt0.o (memset)
c:/ac6/systemworkbench/plugins/fr.ac6.mcu.externaltools.arm-none.win32_1.13.2.201703061525/tools/compiler/bin/../lib/gcc/arm-none-eabi/5.4.1/../../../../arm-none-eabi/lib/armv7-m\libc.a(lib_a-utoa.o)
                              c:/ac6/systemworkbench/plugins/fr.ac6.mcu.externaltools.arm-none.win32_1.13.2.201703061525/tools/compiler/bin/../lib/gcc/arm-none-eabi/5.4.1/../../../../arm-none-eabi/lib/armv7-m\libc.a(lib_a-itoa.o) (__utoa)
c:/ac6/systemworkbench/plugins/fr.ac6.mcu.externaltools.arm-none.win32_1.13.2.201703061525/tools/compiler/bin/../lib/gcc/arm-none-eabi/5.4.1/../../../../arm-none-eabi/lib/armv7-m\libc.a(lib_a-__call_atexit.o)
                              c:/ac6/systemworkbench/plugins/fr.ac6.mcu.externaltools.arm-none.win32_1.13.2.201703061525/tools/compiler/bin/../lib/gcc/arm-none-eabi/5.4.1/../../../../arm-none-eabi/lib/armv7-m\libc.a(lib_a-exit.o) (__call_exitprocs)
c:/ac6/systemworkbench/plugins/fr.ac6.mcu.externaltools.arm-none.win32_1.13.2.201703061525/tools/compiler/bin/../lib/gcc/arm-none-eabi/5.4.1/../../../../arm-none-eabi/lib/armv7-m\libc.a(lib_a-atexit.o)
                              c:/ac6/systemworkbench/plugins/fr.ac6.mcu.externaltools.arm-none.win32_1.13.2.201703061525/tools/compiler/bin/../lib/gcc/arm-none-eabi/5.4.1/../../../../arm-none-eabi/lib/armv7-m\libc.a(lib_a-__call_atexit.o) (atexit)
c:/ac6/systemworkbench/plugins/fr.ac6.mcu.externaltools.arm-none.win32_1.13.2.201703061525/tools/compiler/bin/../lib/gcc/arm-none-eabi/5.4.1/../../../../arm-none-eabi/lib/armv7-m\libc.a(lib_a-fini.o)
                              c:/ac6/systemworkbench/plugins/fr.ac6.mcu.externaltools.arm-none.win32_1.13.2.201703061525/tools/compiler/bin/../lib/gcc/arm-none-eabi/5.4.1/../../../../arm-none-eabi/lib/armv7-m\libc.a(lib_a-__call_atexit.o) (__libc_fini_array)
c:/ac6/systemworkbench/plugins/fr.ac6.mcu.externaltools.arm-none.win32_1.13.2.201703061525/tools/compiler/bin/../lib/gcc/arm-none-eabi/5.4.1/../../../../arm-none-eabi/lib/armv7-m\libc.a(lib_a-__atexit.o)
                              c:/ac6/systemworkbench/plugins/fr.ac6.mcu.externaltools.arm-none.win32_1.13.2.201703061525/tools/compiler/bin/../lib/gcc/arm-none-eabi/5.4.1/../../../../arm-none-eabi/lib/armv7-m\libc.a(lib_a-atexit.o) (__register_exitproc)

Allocating common symbols
Common symbol       size              file

magY                0x2               src/imu.o
baroTEMP            0x4               src/baro.o
accelY              0x2               src/imu.o
x                   0x4               src/main.o
accelX              0x2               src/imu.o
baroC4              0x2               src/baro.o
gyroX               0x2               src/imu.o
[...]
Memory Configuration

Name             Origin             Length             Attributes
RAM              0x20000000         0x00010000         xrw
ROM              0x08000000         0x00040000         xr
*default*        0x00000000         0xffffffff

Linker script and memory map

LOAD c:/ac6/systemworkbench/plugins/fr.ac6.mcu.externaltools.arm-none.win32_1.13.2.201703061525/tools/compiler/bin/../lib/gcc/arm-none-eabi/5.4.1/armv7-m/crti.o
LOAD c:/ac6/systemworkbench/plugins/fr.ac6.mcu.externaltools.arm-none.win32_1.13.2.201703061525/tools/compiler/bin/../lib/gcc/arm-none-eabi/5.4.1/armv7-m/crtbegin.o
LOAD c:/ac6/systemworkbench/plugins/fr.ac6.mcu.externaltools.arm-none.win32_1.13.2.201703061525/tools/compiler/bin/../lib/gcc/arm-none-eabi/5.4.1/../../../../arm-none-eabi/lib/armv7-m/crt0.o
LOAD c:/ac6/systemworkbench/plugins/fr.ac6.mcu.externaltools.arm-none.win32_1.13.2.201703061525/tools/compiler/bin/../lib/gcc/arm-none-eabi/5.4.1/../../../../arm-none-eabi/lib/armv7-m\libm.a
LOAD CMSIS/core/core_cm3.o
LOAD StdPeriph_Driver/src/misc.o
LOAD StdPeriph_Driver/src/stm32f10x_adc.o
LOAD StdPeriph_Driver/src/stm32f10x_bkp.o
LOAD StdPeriph_Driver/src/stm32f10x_can.o
LOAD StdPeriph_Driver/src/stm32f10x_cec.o
LOAD StdPeriph_Driver/src/stm32f10x_crc.o
LOAD StdPeriph_Driver/src/stm32f10x_dac.o
LOAD StdPeriph_Driver/src/stm32f10x_dbgmcu.o
LOAD StdPeriph_Driver/src/stm32f10x_dma.o
LOAD StdPeriph_Driver/src/stm32f10x_exti.o
LOAD StdPeriph_Driver/src/stm32f10x_flash.o
LOAD StdPeriph_Driver/src/stm32f10x_fsmc.o
LOAD StdPeriph_Driver/src/stm32f10x_gpio.o
LOAD StdPeriph_Driver/src/stm32f10x_i2c.o
LOAD StdPeriph_Driver/src/stm32f10x_iwdg.o
LOAD StdPeriph_Driver/src/stm32f10x_pwr.o
LOAD StdPeriph_Driver/src/stm32f10x_rcc.o
LOAD StdPeriph_Driver/src/stm32f10x_rtc.o
LOAD StdPeriph_Driver/src/stm32f10x_sdio.o
LOAD StdPeriph_Driver/src/stm32f10x_spi.o
LOAD StdPeriph_Driver/src/stm32f10x_tim.o
LOAD StdPeriph_Driver/src/stm32f10x_usart.o
LOAD StdPeriph_Driver/src/stm32f10x_wwdg.o
LOAD src/baro.o
LOAD src/gps.o
LOAD src/imu.o
LOAD src/led.o
LOAD src/main.o
LOAD src/radio.o
LOAD src/syscalls.o
LOAD startup/startup_stm32.o
START GROUP
LOAD c:/ac6/systemworkbench/plugins/fr.ac6.mcu.externaltools.arm-none.win32_1.13.2.201703061525/tools/compiler/bin/../lib/gcc/arm-none-eabi/5.4.1/armv7-m\libgcc.a
LOAD c:/ac6/systemworkbench/plugins/fr.ac6.mcu.externaltools.arm-none.win32_1.13.2.201703061525/tools/compiler/bin/../lib/gcc/arm-none-eabi/5.4.1/../../../../arm-none-eabi/lib/armv7-m\libc.a
END GROUP
LOAD c:/ac6/systemworkbench/plugins/fr.ac6.mcu.externaltools.arm-none.win32_1.13.2.201703061525/tools/compiler/bin/../lib/gcc/arm-none-eabi/5.4.1/armv7-m/crtend.o
LOAD c:/ac6/systemworkbench/plugins/fr.ac6.mcu.externaltools.arm-none.win32_1.13.2.201703061525/tools/compiler/bin/../lib/gcc/arm-none-eabi/5.4.1/armv7-m/crtn.o
                0x20010000                _estack = 0x20010000
                0x00000000                _Min_Heap_Size = 0x0
                0x00000400                _Min_Stack_Size = 0x400

.isr_vector     0x08000000      0x188
                0x08000000                . = ALIGN (0x4)
 *(.isr_vector)
 .isr_vector    0x08000000      0x188 startup/startup_stm32.o
                0x08000000                g_pfnVectors
                0x08000188                . = ALIGN (0x4)

.text           0x08000188     0x1dd4
                0x08000188                . = ALIGN (0x4)
 *(.text)
 .text          0x08000188       0x5c c:/ac6/systemworkbench/plugins/fr.ac6.mcu.externaltools.arm-none.win32_1.13.2.201703061525/tools/compiler/bin/../lib/gcc/arm-none-eabi/5.4.1/armv7-m/crtbegin.o
 *(.text*)
 .text.GPIO_Init
                0x080001e4      0x178 StdPeriph_Driver/src/stm32f10x_gpio.o
                0x080001e4                GPIO_Init
 .text.GPIO_PinRemapConfig
                0x0800035c       0xe0 StdPeriph_Driver/src/stm32f10x_gpio.o
                0x0800035c                GPIO_PinRemapConfig
 .text.RCC_PCLK2Config
                0x0800043c       0x38 StdPeriph_Driver/src/stm32f10x_rcc.o
                0x0800043c                RCC_PCLK2Config
 .text.RCC_GetClocksFreq
                0x08000474      0x1c8 StdPeriph_Driver/src/stm32f10x_rcc.o
                0x08000474                RCC_GetClocksFreq
 .text.RCC_APB2PeriphClockCmd
                0x0800063c       0x3c StdPeriph_Driver/src/stm32f10x_rcc.o
                0x0800063c                RCC_APB2PeriphClockCmd
 .text.RCC_APB1PeriphClockCmd
                0x08000678       0x3c StdPeriph_Driver/src/stm32f10x_rcc.o
                0x08000678                RCC_APB1PeriphClockCmd
 .text.SPI_Init
                0x080006b4       0x88 StdPeriph_Driver/src/stm32f10x_spi.o
                0x080006b4                SPI_Init
 .text.SPI_Cmd  0x0800073c       0x40 StdPeriph_Driver/src/stm32f10x_spi.o
                0x0800073c                SPI_Cmd
 .text.SPI_I2S_SendData
                0x0800077c       0x1c StdPeriph_Driver/src/stm32f10x_spi.o
                0x0800077c                SPI_I2S_SendData
 .text.SPI_I2S_ReceiveData
                0x08000798       0x18 StdPeriph_Driver/src/stm32f10x_spi.o
                0x08000798                SPI_I2S_ReceiveData
 .text.SPI_I2S_GetFlagStatus
                0x080007b0       0x38 StdPeriph_Driver/src/stm32f10x_spi.o
                0x080007b0                SPI_I2S_GetFlagStatus
 .text.USART_Init
                0x080007e8      0x174 StdPeriph_Driver/src/stm32f10x_usart.o
                0x080007e8                USART_Init
 .text.USART_Cmd
                0x0800095c       0x40 StdPeriph_Driver/src/stm32f10x_usart.o
                0x0800095c                USART_Cmd
 .text.USART_SendData
                0x0800099c       0x24 StdPeriph_Driver/src/stm32f10x_usart.o
                0x0800099c                USART_SendData
 .text.USART_ReceiveData
                0x080009c0       0x20 StdPeriph_Driver/src/stm32f10x_usart.o
                0x080009c0                USART_ReceiveData
 .text.USART_GetFlagStatus
                0x080009e0       0x38 StdPeriph_Driver/src/stm32f10x_usart.o
                0x080009e0                USART_GetFlagStatus
 .text.initBaro
                0x08000a18      0x2e8 src/baro.o
                0x08000a18                initBaro
 .text.getBaroPres
                0x08000d00       0xb4 src/baro.o
                0x08000d00                getBaroPres
 .text.getBaroTemp
                0x08000db4       0xb4 src/baro.o
                0x08000db4                getBaroTemp
 .text.calcPressure
                0x08000e68      0x14c src/baro.o
                0x08000e68                calcPressure
 .text.initGPS  0x08000fb4       0x90 src/gps.o
                0x08000fb4                initGPS
 .text.getGPS   0x08001044      0x2e0 src/gps.o
                0x08001044                getGPS
 .text.initIMU  0x08001324      0x1e4 src/imu.o
                0x08001324                initIMU
 .text.getIMU   0x08001508      0x308 src/imu.o
                0x08001508                getIMU
 .text.initLED  0x08001810       0x34 src/led.o
                0x08001810                initLED
 .text.toggleLED
                0x08001844       0x40 src/led.o
                0x08001844                toggleLED
 .text.main     0x08001884      0x43c src/main.o
                0x08001884                main
 .text.delay    0x08001cc0       0x20 src/main.o
                0x08001cc0                delay
 .text.SPI_Transaction
                0x08001ce0       0x4c src/main.o
                0x08001ce0                SPI_Transaction
 .text.initRadio
                0x08001d2c       0x90 src/radio.o
                0x08001d2c                initRadio
 .text.Reset_Handler
                0x08001dbc       0x48 startup/startup_stm32.o
                0x08001dbc                Reset_Handler
 .text.Default_Handler
                0x08001e04        0x2 startup/startup_stm32.o
                0x08001e04                DebugMon_Handler
                0x08001e04                HardFault_Handler
                0x08001e04                SysTick_Handler
                0x08001e04                PendSV_Handler
                0x08001e04                NMI_Handler
                0x08001e04                UsageFault_Handler
                0x08001e04                Default_Handler
                0x08001e04                MemManage_Handler
                0x08001e04                SVC_Handler
                0x08001e04                BusFault_Handler
 *fill*         0x08001e06        0x2 
 .text.__libc_init_array
                0x08001e08       0x50 c:/ac6/systemworkbench/plugins/fr.ac6.mcu.externaltools.arm-none.win32_1.13.2.201703061525/tools/compiler/bin/../lib/gcc/arm-none-eabi/5.4.1/../../../../arm-none-eabi/lib/armv7-m\libc.a(lib_a-init.o)
                0x08001e08                __libc_init_array
 .text.startup.register_fini
                0x08001e58       0x14 c:/ac6/systemworkbench/plugins/fr.ac6.mcu.externaltools.arm-none.win32_1.13.2.201703061525/tools/compiler/bin/../lib/gcc/arm-none-eabi/5.4.1/../../../../arm-none-eabi/lib/armv7-m\libc.a(lib_a-__call_atexit.o)
 .text.atexit   0x08001e6c        0xc c:/ac6/systemworkbench/plugins/fr.ac6.mcu.externaltools.arm-none.win32_1.13.2.201703061525/tools/compiler/bin/../lib/gcc/arm-none-eabi/5.4.1/../../../../arm-none-eabi/lib/armv7-m\libc.a(lib_a-atexit.o)
                0x08001e6c                atexit
 .text.__libc_fini_array
                0x08001e78       0x28 c:/ac6/systemworkbench/plugins/fr.ac6.mcu.externaltools.arm-none.win32_1.13.2.201703061525/tools/compiler/bin/../lib/gcc/arm-none-eabi/5.4.1/../../../../arm-none-eabi/lib/armv7-m\libc.a(lib_a-fini.o)
                0x08001e78                __libc_fini_array
 .text.__register_exitproc
                0x08001ea0       0xa4 c:/ac6/systemworkbench/plugins/fr.ac6.mcu.externaltools.arm-none.win32_1.13.2.201703061525/tools/compiler/bin/../lib/gcc/arm-none-eabi/5.4.1/../../../../arm-none-eabi/lib/armv7-m\libc.a(lib_a-__atexit.o)
                0x08001ea0                __register_exitproc
 *(.glue_7)
 .glue_7        0x08001f44        0x0 linker stubs
 *(.glue_7t)
 .glue_7t       0x08001f44        0x0 linker stubs
 *(.eh_frame)
 .eh_frame      0x08001f44        0x0 c:/ac6/systemworkbench/plugins/fr.ac6.mcu.externaltools.arm-none.win32_1.13.2.201703061525/tools/compiler/bin/../lib/gcc/arm-none-eabi/5.4.1/armv7-m/crtbegin.o
 *(.init)
 .init          0x08001f44        0x4 c:/ac6/systemworkbench/plugins/fr.ac6.mcu.externaltools.arm-none.win32_1.13.2.201703061525/tools/compiler/bin/../lib/gcc/arm-none-eabi/5.4.1/armv7-m/crti.o
                0x08001f44                _init
 .init          0x08001f48        0x8 c:/ac6/systemworkbench/plugins/fr.ac6.mcu.externaltools.arm-none.win32_1.13.2.201703061525/tools/compiler/bin/../lib/gcc/arm-none-eabi/5.4.1/armv7-m/crtn.o
 *(.fini)
 .fini          0x08001f50        0x4 c:/ac6/systemworkbench/plugins/fr.ac6.mcu.externaltools.arm-none.win32_1.13.2.201703061525/tools/compiler/bin/../lib/gcc/arm-none-eabi/5.4.1/armv7-m/crti.o
                0x08001f50                _fini
 .fini          0x08001f54        0x8 c:/ac6/systemworkbench/plugins/fr.ac6.mcu.externaltools.arm-none.win32_1.13.2.201703061525/tools/compiler/bin/../lib/gcc/arm-none-eabi/5.4.1/armv7-m/crtn.o
                0x08001f5c                . = ALIGN (0x4)
                0x08001f5c                _etext = .

.vfp11_veneer   0x08001f5c        0x0
 .vfp11_veneer  0x08001f5c        0x0 linker stubs

.v4_bx          0x08001f5c        0x0
 .v4_bx         0x08001f5c        0x0 linker stubs

.iplt           0x08001f5c        0x0
 .iplt          0x08001f5c        0x0 c:/ac6/systemworkbench/plugins/fr.ac6.mcu.externaltools.arm-none.win32_1.13.2.201703061525/tools/compiler/bin/../lib/gcc/arm-none-eabi/5.4.1/armv7-m/crtbegin.o

.rodata         0x08001f5c        0x4
                0x08001f5c                . = ALIGN (0x4)
 *(.rodata)
 *(.rodata*)
 .rodata._global_impure_ptr
                0x08001f5c        0x4 c:/ac6/systemworkbench/plugins/fr.ac6.mcu.externaltools.arm-none.win32_1.13.2.201703061525/tools/compiler/bin/../lib/gcc/arm-none-eabi/5.4.1/../../../../arm-none-eabi/lib/armv7-m\libc.a(lib_a-impure.o)
                0x08001f5c                _global_impure_ptr
                0x08001f60                . = ALIGN (0x4)

.rel.dyn        0x08001f60        0x0
 .rel.iplt      0x08001f60        0x0 c:/ac6/systemworkbench/plugins/fr.ac6.mcu.externaltools.arm-none.win32_1.13.2.201703061525/tools/compiler/bin/../lib/gcc/arm-none-eabi/5.4.1/armv7-m/crtbegin.o

.ARM.extab      0x08001f60        0x0
                0x08001f60                . = ALIGN (0x4)
 *(.ARM.extab* .gnu.linkonce.armextab.*)
                0x08001f60                . = ALIGN (0x4)

.ARM            0x08001f60        0x0
                0x08001f60                . = ALIGN (0x4)
                0x08001f60                __exidx_start = .
 *(.ARM.exidx*)
                0x08001f60                __exidx_end = .
                0x08001f60                . = ALIGN (0x4)

.preinit_array  0x08001f60        0x0
                0x08001f60                . = ALIGN (0x4)
                0x08001f60                PROVIDE (__preinit_array_start, .)
 *(.preinit_array*)
                0x08001f60                PROVIDE (__preinit_array_end, .)
                0x08001f60                . = ALIGN (0x4)

.init_array     0x08001f60        0x8
                0x08001f60                . = ALIGN (0x4)
                0x08001f60                PROVIDE (__init_array_start, .)
 *(SORT(.init_array.*))
 .init_array.00000
                0x08001f60        0x4 c:/ac6/systemworkbench/plugins/fr.ac6.mcu.externaltools.arm-none.win32_1.13.2.201703061525/tools/compiler/bin/../lib/gcc/arm-none-eabi/5.4.1/../../../../arm-none-eabi/lib/armv7-m\libc.a(lib_a-__call_atexit.o)
 *(.init_array*)
 .init_array    0x08001f64        0x4 c:/ac6/systemworkbench/plugins/fr.ac6.mcu.externaltools.arm-none.win32_1.13.2.201703061525/tools/compiler/bin/../lib/gcc/arm-none-eabi/5.4.1/armv7-m/crtbegin.o
                0x08001f68                PROVIDE (__init_array_end, .)
                0x08001f68                . = ALIGN (0x4)

.fini_array     0x08001f68        0x4
                0x08001f68                . = ALIGN (0x4)
                0x08001f68                PROVIDE (__fini_array_start, .)
 *(SORT(.fini_array.*))
 *(.fini_array*)
 .fini_array    0x08001f68        0x4 c:/ac6/systemworkbench/plugins/fr.ac6.mcu.externaltools.arm-none.win32_1.13.2.201703061525/tools/compiler/bin/../lib/gcc/arm-none-eabi/5.4.1/armv7-m/crtbegin.o
                0x08001f6c                PROVIDE (__fini_array_end, .)
                0x08001f6c                . = ALIGN (0x4)
                0x08001f6c                _sidata = LOADADDR (.data)

.data           0x20000000      0x440 load address 0x08001f6c
                0x20000000                . = ALIGN (0x4)
                0x20000000                _sdata = .
 *(.data)
 .data          0x20000000       0x14 StdPeriph_Driver/src/stm32f10x_rcc.o
 *(.data*)
 *fill*         0x20000014        0x4 
 .data.impure_data
                0x20000018      0x428 c:/ac6/systemworkbench/plugins/fr.ac6.mcu.externaltools.arm-none.win32_1.13.2.201703061525/tools/compiler/bin/../lib/gcc/arm-none-eabi/5.4.1/../../../../arm-none-eabi/lib/armv7-m\libc.a(lib_a-impure.o)
                0x20000440                . = ALIGN (0x4)
                0x20000440                _edata = .

.jcr            0x20000440        0x0 load address 0x080023ac
 .jcr           0x20000440        0x0 c:/ac6/systemworkbench/plugins/fr.ac6.mcu.externaltools.arm-none.win32_1.13.2.201703061525/tools/compiler/bin/../lib/gcc/arm-none-eabi/5.4.1/armv7-m/crtbegin.o

.igot.plt       0x20000440        0x0 load address 0x080023ac
 .igot.plt      0x20000440        0x0 c:/ac6/systemworkbench/plugins/fr.ac6.mcu.externaltools.arm-none.win32_1.13.2.201703061525/tools/compiler/bin/../lib/gcc/arm-none-eabi/5.4.1/armv7-m/crtbegin.o
                0x20000440                . = ALIGN (0x4)

.bss            0x20000440       0xac load address 0x080023ac
                0x20000440                _sbss = .
                0x20000440                __bss_start__ = _sbss
 *(.bss)
 .bss           0x20000440       0x1c c:/ac6/systemworkbench/plugins/fr.ac6.mcu.externaltools.arm-none.win32_1.13.2.201703061525/tools/compiler/bin/../lib/gcc/arm-none-eabi/5.4.1/armv7-m/crtbegin.o
 *(.bss*)
 *(COMMON)
 *fill*         0x2000045c        0x4 
 COMMON         0x20000460       0x62 src/baro.o
                0x20000460                baroTEMP
                0x20000464                baroC4
                0x20000468                baroD1
                0x2000046c                baroC2
                0x20000470                baroDT
                0x20000474                baroC1
                0x20000478                baroOFF
                0x20000480                baroD2
                0x20000484                GPIO_InitStructure
                0x20000488                SPI_InitStructure
                0x2000049a                baroC3
                0x2000049c                USART_InitStructure
                0x200004ac                baroC5
                0x200004b0                baroP
                0x200004b8                baroSENS
                0x200004c0                baroC6
 *fill*         0x200004c2        0x2 
 COMMON         0x200004c4       0x14 src/gps.o
                0x200004c4                gpsLong
                0x200004c8                gpsLat
                0x200004cc                gpsTime
                0x200004d0                gpsAlt
                0x200004d4                start
 COMMON         0x200004d8       0x12 src/imu.o
                0x200004d8                magY
                0x200004da                accelY
                0x200004dc                accelX
                0x200004de                gyroX
                0x200004e0                magZ
                0x200004e2                gyroZ
                0x200004e4                accelZ
                0x200004e6                gyroY
                0x200004e8                magX
                0x200004ec                . = ALIGN (0x4)
 *fill*         0x200004ea        0x2 
                0x200004ec                _ebss = .
                0x200004ec                __bss_end__ = _ebss

._user_heap_stack
                0x200004ec      0x404 load address 0x080023ac
                0x200004f0                . = ALIGN (0x8)
 *fill*         0x200004ec        0x4 
                0x200004f0                PROVIDE (end, .)
                [!provide]                PROVIDE (_end, .)
                0x200004f0                . = (. + _Min_Heap_Size)
                0x200008f0                . = (. + _Min_Stack_Size)
 *fill*         0x200004f0      0x400 
                0x200008f0                . = ALIGN (0x8)

/DISCARD/
 libc.a(*)
 libm.a(*)
 libgcc.a(*)

.ARM.attributes
                0x00000000       0x29
 *(.ARM.attributes)
 .ARM.attributes
                0x00000000       0x1d c:/ac6/systemworkbench/plugins/fr.ac6.mcu.externaltools.arm-none.win32_1.13.2.201703061525/tools/compiler/bin/../lib/gcc/arm-none-eabi/5.4.1/armv7-m/crti.o
 .ARM.attributes
                0x0000001d       0x2d c:/ac6/systemworkbench/plugins/fr.ac6.mcu.externaltools.arm-none.win32_1.13.2.201703061525/tools/compiler/bin/../lib/gcc/arm-none-eabi/5.4.1/armv7-m/crtbegin.o
 .ARM.attributes
                0x0000004a       0x33 StdPeriph_Driver/src/stm32f10x_gpio.o
 .ARM.attributes
                0x0000007d       0x33 StdPeriph_Driver/src/stm32f10x_rcc.o
 .ARM.attributes
                0x000000b0       0x33 StdPeriph_Driver/src/stm32f10x_spi.o
 .ARM.attributes
                0x000000e3       0x33 StdPeriph_Driver/src/stm32f10x_usart.o
 .ARM.attributes
                0x00000116       0x33 src/baro.o
 .ARM.attributes
                0x00000149       0x33 src/gps.o
 .ARM.attributes
                0x0000017c       0x33 src/imu.o
 .ARM.attributes
                0x000001af       0x33 src/led.o
 .ARM.attributes
                0x000001e2       0x33 src/main.o
 .ARM.attributes
                0x00000215       0x33 src/radio.o
 .ARM.attributes
                0x00000248       0x21 startup/startup_stm32.o
 .ARM.attributes
                0x00000269       0x2d c:/ac6/systemworkbench/plugins/fr.ac6.mcu.externaltools.arm-none.win32_1.13.2.201703061525/tools/compiler/bin/../lib/gcc/arm-none-eabi/5.4.1/../../../../arm-none-eabi/lib/armv7-m\libc.a(lib_a-impure.o)
 .ARM.attributes
                0x00000296       0x2d c:/ac6/systemworkbench/plugins/fr.ac6.mcu.externaltools.arm-none.win32_1.13.2.201703061525/tools/compiler/bin/../lib/gcc/arm-none-eabi/5.4.1/../../../../arm-none-eabi/lib/armv7-m\libc.a(lib_a-init.o)
 .ARM.attributes
                0x000002c3       0x2d c:/ac6/systemworkbench/plugins/fr.ac6.mcu.externaltools.arm-none.win32_1.13.2.201703061525/tools/compiler/bin/../lib/gcc/arm-none-eabi/5.4.1/../../../../arm-none-eabi/lib/armv7-m\libc.a(lib_a-__call_atexit.o)
 .ARM.attributes
                0x000002f0       0x2d c:/ac6/systemworkbench/plugins/fr.ac6.mcu.externaltools.arm-none.win32_1.13.2.201703061525/tools/compiler/bin/../lib/gcc/arm-none-eabi/5.4.1/../../../../arm-none-eabi/lib/armv7-m\libc.a(lib_a-atexit.o)
 .ARM.attributes
                0x0000031d       0x2d c:/ac6/systemworkbench/plugins/fr.ac6.mcu.externaltools.arm-none.win32_1.13.2.201703061525/tools/compiler/bin/../lib/gcc/arm-none-eabi/5.4.1/../../../../arm-none-eabi/lib/armv7-m\libc.a(lib_a-fini.o)
 .ARM.attributes
                0x0000034a       0x2d c:/ac6/systemworkbench/plugins/fr.ac6.mcu.externaltools.arm-none.win32_1.13.2.201703061525/tools/compiler/bin/../lib/gcc/arm-none-eabi/5.4.1/../../../../arm-none-eabi/lib/armv7-m\libc.a(lib_a-__atexit.o)
 .ARM.attributes
                0x00000377       0x1d c:/ac6/systemworkbench/plugins/fr.ac6.mcu.externaltools.arm-none.win32_1.13.2.201703061525/tools/compiler/bin/../lib/gcc/arm-none-eabi/5.4.1/armv7-m/crtn.o
OUTPUT(avionics.elf elf32-littlearm)

.debug_info     0x00000000     0x437d
 .debug_info    0x00000000      0x6e8 StdPeriph_Driver/src/stm32f10x_gpio.o
 .debug_info    0x000006e8      0xa9b StdPeriph_Driver/src/stm32f10x_rcc.o
 .debug_info    0x00001183      0x9a3 StdPeriph_Driver/src/stm32f10x_spi.o
 .debug_info    0x00001b26      0x9e2 StdPeriph_Driver/src/stm32f10x_usart.o
 .debug_info    0x00002508      0x57a src/baro.o
 .debug_info    0x00002a82      0x5a8 src/gps.o
 .debug_info    0x0000302a      0x4ce src/imu.o
 .debug_info    0x000034f8      0x2b6 src/led.o
 .debug_info    0x000037ae      0x71a src/main.o
 .debug_info    0x00003ec8      0x44f src/radio.o
 .debug_info    0x00004317       0x66 startup/startup_stm32.o

.debug_abbrev   0x00000000      0xe8e
 .debug_abbrev  0x00000000      0x1d1 StdPeriph_Driver/src/stm32f10x_gpio.o
 .debug_abbrev  0x000001d1      0x1c1 StdPeriph_Driver/src/stm32f10x_rcc.o
 .debug_abbrev  0x00000392      0x185 StdPeriph_Driver/src/stm32f10x_spi.o
 .debug_abbrev  0x00000517      0x169 StdPeriph_Driver/src/stm32f10x_usart.o
 .debug_abbrev  0x00000680      0x13a src/baro.o
 .debug_abbrev  0x000007ba      0x1c3 src/gps.o
 .debug_abbrev  0x0000097d      0x11b src/imu.o
 .debug_abbrev  0x00000a98      0x137 src/led.o
 .debug_abbrev  0x00000bcf      0x160 src/main.o
 .debug_abbrev  0x00000d2f      0x14d src/radio.o
 .debug_abbrev  0x00000e7c       0x12 startup/startup_stm32.o

.debug_aranges  0x00000000      0x530
 .debug_aranges
                0x00000000       0xa8 StdPeriph_Driver/src/stm32f10x_gpio.o
 .debug_aranges
                0x000000a8      0x160 StdPeriph_Driver/src/stm32f10x_rcc.o
 .debug_aranges
                0x00000208       0xd0 StdPeriph_Driver/src/stm32f10x_spi.o
 .debug_aranges
                0x000002d8      0x100 StdPeriph_Driver/src/stm32f10x_usart.o
 .debug_aranges
                0x000003d8       0x38 src/baro.o
 .debug_aranges
                0x00000410       0x38 src/gps.o
 .debug_aranges
                0x00000448       0x28 src/imu.o
 .debug_aranges
                0x00000470       0x40 src/led.o
 .debug_aranges
                0x000004b0       0x30 src/main.o
 .debug_aranges
                0x000004e0       0x28 src/radio.o
 .debug_aranges
                0x00000508       0x28 startup/startup_stm32.o

.debug_ranges   0x00000000      0x488
 .debug_ranges  0x00000000       0x98 StdPeriph_Driver/src/stm32f10x_gpio.o
 .debug_ranges  0x00000098      0x150 StdPeriph_Driver/src/stm32f10x_rcc.o
 .debug_ranges  0x000001e8       0xc0 StdPeriph_Driver/src/stm32f10x_spi.o
 .debug_ranges  0x000002a8       0xf0 StdPeriph_Driver/src/stm32f10x_usart.o
 .debug_ranges  0x00000398       0x28 src/baro.o
 .debug_ranges  0x000003c0       0x28 src/gps.o
 .debug_ranges  0x000003e8       0x18 src/imu.o
 .debug_ranges  0x00000400       0x30 src/led.o
 .debug_ranges  0x00000430       0x20 src/main.o
 .debug_ranges  0x00000450       0x18 src/radio.o
 .debug_ranges  0x00000468       0x20 startup/startup_stm32.o

.debug_macro    0x00000000     0x2d8a
 .debug_macro   0x00000000      0x1d7 StdPeriph_Driver/src/stm32f10x_gpio.o
 .debug_macro   0x000001d7      0x2a6 StdPeriph_Driver/src/stm32f10x_gpio.o
 .debug_macro   0x0000047d      0x2fa StdPeriph_Driver/src/stm32f10x_rcc.o
 .debug_macro   0x00000777      0x5b4 StdPeriph_Driver/src/stm32f10x_rcc.o
 .debug_macro   0x00000d2b      0x1ef StdPeriph_Driver/src/stm32f10x_spi.o
 .debug_macro   0x00000f1a      0x2be StdPeriph_Driver/src/stm32f10x_spi.o
 .debug_macro   0x000011d8      0x23d StdPeriph_Driver/src/stm32f10x_usart.o
 .debug_macro   0x00001415      0x21a StdPeriph_Driver/src/stm32f10x_usart.o
 .debug_macro   0x0000162f      0x18e src/baro.o
 .debug_macro   0x000017bd       0x70 src/baro.o
 .debug_macro   0x0000182d      0x18e src/gps.o
 .debug_macro   0x000019bb       0x22 src/gps.o
 .debug_macro   0x000019dd      0x18e src/imu.o
 .debug_macro   0x00001b6b      0x30c src/imu.o
 .debug_macro   0x00001e77      0x184 src/led.o
 .debug_macro   0x00001ffb       0x28 src/led.o
 .debug_macro   0x00002023      0x277 src/main.o
 .debug_macro   0x0000229a       0x52 src/main.o
 .debug_macro   0x000022ec       0x35 src/main.o
 .debug_macro   0x00002321       0x9c src/main.o
 .debug_macro   0x000023bd       0x16 src/main.o
 .debug_macro   0x000023d3      0x10e src/main.o
 .debug_macro   0x000024e1       0x8d src/main.o
 .debug_macro   0x0000256e       0x52 src/main.o
 .debug_macro   0x000025c0       0x1f src/main.o
 .debug_macro   0x000025df       0x43 src/main.o
 .debug_macro   0x00002622       0x20 src/main.o
 .debug_macro   0x00002642      0x187 src/main.o
 .debug_macro   0x000027c9      0x30d src/main.o
 .debug_macro   0x00002ad6       0x16 src/main.o
 .debug_macro   0x00002aec       0x29 src/main.o
 .debug_macro   0x00002b15       0x22 src/main.o
 .debug_macro   0x00002b37      0x253 src/radio.o

.debug_line     0x00000000     0x4851
 .debug_line    0x00000000      0x746 StdPeriph_Driver/src/stm32f10x_gpio.o
 .debug_line    0x00000746      0x8fe StdPeriph_Driver/src/stm32f10x_rcc.o
 .debug_line    0x00001044      0x7a0 StdPeriph_Driver/src/stm32f10x_spi.o
 .debug_line    0x000017e4      0x814 StdPeriph_Driver/src/stm32f10x_usart.o
 .debug_line    0x00001ff8      0x632 src/baro.o
 .debug_line    0x0000262a      0x6f4 src/gps.o
 .debug_line    0x00002d1e      0x60c src/imu.o
 .debug_line    0x0000332a      0x5e2 src/led.o
 .debug_line    0x0000390c      0x872 src/main.o
 .debug_line    0x0000417e      0x65a src/radio.o
 .debug_line    0x000047d8       0x79 startup/startup_stm32.o

.debug_str      0x00000000    0x572d4
 .debug_str     0x00000000    0x51ef0 StdPeriph_Driver/src/stm32f10x_gpio.o
                              0x5206a (size before relaxing)
 .debug_str     0x00051ef0      0xe55 StdPeriph_Driver/src/stm32f10x_rcc.o
                              0x52a0d (size before relaxing)
 .debug_str     0x00052d45      0x611 StdPeriph_Driver/src/stm32f10x_spi.o
                              0x521b7 (size before relaxing)
 .debug_str     0x00053356      0x7e9 StdPeriph_Driver/src/stm32f10x_usart.o
                              0x5237a (size before relaxing)
 .debug_str     0x00053b3f      0x264 src/baro.o
                              0x51f95 (size before relaxing)
 .debug_str     0x00053da3       0xdd src/gps.o
                              0x51e23 (size before relaxing)
 .debug_str     0x00053e80      0x8e4 src/imu.o
                              0x52641 (size before relaxing)
 .debug_str     0x00054764       0xaa src/led.o
                              0x51c6c (size before relaxing)
 .debug_str     0x0005480e     0x2a9d src/main.o
                              0x55431 (size before relaxing)
 .debug_str     0x000572ab       0x29 src/radio.o
                              0x5485d (size before relaxing)

.comment        0x00000000       0x6e
 .comment       0x00000000       0x6e StdPeriph_Driver/src/stm32f10x_gpio.o
                                 0x6f (size before relaxing)
 .comment       0x0000006e       0x6f StdPeriph_Driver/src/stm32f10x_rcc.o
 .comment       0x0000006e       0x6f StdPeriph_Driver/src/stm32f10x_spi.o
 .comment       0x0000006e       0x6f StdPeriph_Driver/src/stm32f10x_usart.o
 .comment       0x0000006e       0x6f src/baro.o
 .comment       0x0000006e       0x6f src/gps.o
 .comment       0x0000006e       0x6f src/imu.o
 .comment       0x0000006e       0x6f src/led.o
 .comment       0x0000006e       0x6f src/main.o
 .comment       0x0000006e       0x6f src/radio.o

.debug_frame    0x00000000     0x1574
 .debug_frame   0x00000000      0x2d0 StdPeriph_Driver/src/stm32f10x_gpio.o
 .debug_frame   0x000002d0      0x65c StdPeriph_Driver/src/stm32f10x_rcc.o
 .debug_frame   0x0000092c      0x3a0 StdPeriph_Driver/src/stm32f10x_spi.o
 .debug_frame   0x00000ccc      0x490 StdPeriph_Driver/src/stm32f10x_usart.o
 .debug_frame   0x0000115c       0x94 src/baro.o
 .debug_frame   0x000011f0       0xa0 src/gps.o
 .debug_frame   0x00001290       0x50 src/imu.o
 .debug_frame   0x000012e0       0xc8 src/led.o
 .debug_frame   0x000013a8       0x78 src/main.o
 .debug_frame   0x00001420       0x50 src/radio.o
 .debug_frame   0x00001470       0x2c c:/ac6/systemworkbench/plugins/fr.ac6.mcu.externaltools.arm-none.win32_1.13.2.201703061525/tools/compiler/bin/../lib/gcc/arm-none-eabi/5.4.1/../../../../arm-none-eabi/lib/armv7-m\libc.a(lib_a-init.o)
 .debug_frame   0x0000149c       0x50 c:/ac6/systemworkbench/plugins/fr.ac6.mcu.externaltools.arm-none.win32_1.13.2.201703061525/tools/compiler/bin/../lib/gcc/arm-none-eabi/5.4.1/../../../../arm-none-eabi/lib/armv7-m\libc.a(lib_a-__call_atexit.o)
 .debug_frame   0x000014ec       0x20 c:/ac6/systemworkbench/plugins/fr.ac6.mcu.externaltools.arm-none.win32_1.13.2.201703061525/tools/compiler/bin/../lib/gcc/arm-none-eabi/5.4.1/../../../../arm-none-eabi/lib/armv7-m\libc.a(lib_a-atexit.o)
 .debug_frame   0x0000150c       0x34 c:/ac6/systemworkbench/plugins/fr.ac6.mcu.externaltools.arm-none.win32_1.13.2.201703061525/tools/compiler/bin/../lib/gcc/arm-none-eabi/5.4.1/../../../../arm-none-eabi/lib/armv7-m\libc.a(lib_a-fini.o)
 .debug_frame   0x00001540       0x34 c:/ac6/systemworkbench/plugins/fr.ac6.mcu.externaltools.arm-none.win32_1.13.2.201703061525/tools/compiler/bin/../lib/gcc/arm-none-eabi/5.4.1/../../../../arm-none-eabi/lib/armv7-m\libc.a(lib_a-__atexit.o)
